---
source: src/lib.rs
assertion_line: 1917
expression: "&value"

---
profile: tabular-data-package
resources:
  - profile: tabular-data-resource
    name: Devs
    schema:
      fields:
        - name: _link
          type: text
          count: 2
        - name: _link_main
          type: text
          count: 2
        - name: name
          type: text
          count: 2
      primaryKey: _link
    path: csv/Devs.csv
  - profile: tabular-data-resource
    name: Games
    schema:
      fields:
        - name: _link
          type: text
          count: 2
        - name: id
          type: number
          count: 2
        - name: title
          type: text
          count: 2
        - name: releaseDate
          type: date
          count: 2
        - name: rating_code
          type: text
          count: 2
        - name: rating_name
          type: text
          count: 2
      primaryKey: _link
    path: csv/Games.csv

