---
source: src/lib.rs
assertion_line: 2209
expression: "&value"

---
profile: tabular-data-package
resources:
  - profile: tabular-data-resource
    name: games
    flatterer_name: games
    title: games
    schema:
      fields:
        - name: _link
          title: _link
          type: string
          count: 2
        - name: _link_main
          title: _link_main
          type: string
          count: 2
        - name: id
          title: id
          type: number
          count: 2
        - name: title
          title: title
          type: string
          count: 2
        - name: releaseDate
          title: releaseDate
          type: datetime
          count: 2
        - name: rating_code
          title: rating_code
          type: string
          count: 2
        - name: rating_name
          title: rating_name
          type: string
          count: 2
      primaryKey: _link
      foreignKeys:
        - fields: _link_main
          reference:
            resource: main
            fields: _link
    path: csv/games.csv
  - profile: tabular-data-resource
    name: games_developer
    flatterer_name: games_developer
    title: games_developer
    schema:
      fields:
        - name: _link
          title: _link
          type: string
          count: 2
        - name: _link_games
          title: _link_games
          type: string
          count: 2
        - name: _link_main
          title: _link_main
          type: string
          count: 2
        - name: name
          title: name
          type: string
          count: 2
      primaryKey: _link
      foreignKeys:
        - fields: _link_games
          reference:
            resource: games
            fields: _link
        - fields: _link_main
          reference:
            resource: main
            fields: _link
    path: csv/games_developer.csv
  - profile: tabular-data-resource
    name: games_platforms
    flatterer_name: games_platforms
    title: games_platforms
    schema:
      fields:
        - name: _link
          title: _link
          type: string
          count: 3
        - name: _link_games
          title: _link_games
          type: string
          count: 3
        - name: _link_main
          title: _link_main
          type: string
          count: 3
        - name: name
          title: name
          type: string
          count: 3
      primaryKey: _link
      foreignKeys:
        - fields: _link_games
          reference:
            resource: games
            fields: _link
        - fields: _link_main
          reference:
            resource: main
            fields: _link
    path: csv/games_platforms.csv
  - profile: tabular-data-resource
    name: main
    flatterer_name: main
    title: main
    schema:
      fields:
        - name: _link
          title: _link
          type: string
          count: 1
      primaryKey: _link
    path: csv/main.csv

